]0;/cloud/project]0;rstudio-user@527a3c5efc50: /cloud/project[01;32mrstudio-user@527a3c5efc50[00m:[01;34m/cloud/project[00m$ [K]0;rstudio-user@527a3c5efc50: /cloud/project[01;32mrstudio-user@527a3c5efc50[00m:[01;34m/cloud/project[00m$ sudo pip instll [K[K[Kall pandas
[sudo] password for rstudio-user: 
Sorry, try again.
[sudo] password for rstudio-user: 


Sorry, try again.
[sudo] password for rstudio-user: 
^C^C^Csudo: 3 incorrect password attempts
]0;/cloud/project]0;rstudio-user@527a3c5efc50: /cloud/project[01;32mrstudio-user@527a3c5efc50[00m:[01;34m/cloud/project[00m$ git
usage: git [--version] [--help] [-C <path>] [-c name=value]
           [--exec-path[=<path>]] [--html-path] [--man-path] [--info-path]
           [-p | --paginate | --no-pager] [--no-replace-objects] [--bare]
           [--git-dir=<path>] [--work-tree=<path>] [--namespace=<name>]
           <command> [<args>]

These are common Git commands used in various situations:

start a working area (see also: git help tutorial)
   clone      Clone a repository into a new directory
   init       Create an empty Git repository or reinitialize an existing one

work on the current change (see also: git help everyday)
   add        Add file contents to the index
   mv         Move or rename a file, a directory, or a symlink
   reset      Reset current HEAD to the specified state
   rm         Remove files from the working tree and from the index

examine the history and state (see also: git help revisions)
   bisect     Use binary search to find the commit that introduced a bug
   grep       Print lines matching a pattern
   log        Show commit logs
   show       Show various types of objects
   status     Show the working tree status

grow, mark and tweak your common history
   branch     List, create, or delete branches
   checkout   Switch branches or restore working tree files
   commit     Record changes to the repository
   diff       Show changes between commits, commit and working tree, etc
   merge      Join two or more development histories together
   rebase     Forward-port local commits to the updated upstream head
   tag        Create, list, delete or verify a tag object signed with GPG

collaborate (see also: git help workflows)
   fetch      Download objects and refs from another repository
   pull       Fetch from and integrate with another repository or a local branch
   push       Update remote refs along with associated objects

'git help -a' and 'git help -g' list available subcommands and some
concept guides. See 'git help <command>' or 'git help <concept>'
to read about a specific subcommand or concept.
[K]0;rstudio-user@18f424896ec0: /cloud/project[01;32mrstudio-user@18f424896ec0[00m:[01;34m/cloud/project[00m$ git add .
fatal: Not a git repository (or any parent up to mount point /cloud/project)
Stopping at filesystem boundary (GIT_DISCOVERY_ACROSS_FILESYSTEM not set).
]0;/cloud/project]0;rstudio-user@18f424896ec0: /cloud/project[01;32mrstudio-user@18f424896ec0[00m:[01;34m/cloud/project[00m$ git init
Initialized empty Git repository in /cloud/project/.git/
]0;/cloud/project]0;rstudio-user@18f424896ec0: /cloud/project[01;32mrstudio-user@18f424896ec0[00m:[01;34m/cloud/project[00m$ git add .
]0;/cloud/project]0;rstudio-user@18f424896ec0: /cloud/project[01;32mrstudio-user@18f424896ec0[00m:[01;34m/cloud/project[00m$ git remote add [K[K[K[K[K[K[K[K[K[K[K[K commit -m "Initial commit"

*** Please tell me who you are.

Run

  git config --global user.email "you@example.com"
  git config --global user.name "Your Name"

to set your account's default identity.
Omit --global to set the identity only in this repository.

fatal: empty ident name (for <rstudio-user@18f424896ec0.(none)>) not allowed
]0;/cloud/project]0;rstudio-user@18f424896ec0: /cloud/project[01;32mrstudio-user@18f424896ec0[00m:[01;34m/cloud/project[00m$ git config --global user.email "chollern@ohioec.org"
]0;/cloud/project]0;rstudio-user@18f424896ec0: /cloud/project[01;32mrstudio-user@18f424896ec0[00m:[01;34m/cloud/project[00m$ git config --global user.name = "Conor"
]0;/cloud/project]0;rstudio-user@18f424896ec0: /cloud/project[01;32mrstudio-user@18f424896ec0[00m:[01;34m/cloud/project[00m$ git commit -m "Intiai[K[K[K[Kitial commit"
[master (root-commit) 093dae7] Initial commit
 34 files changed, 381 insertions(+)
 create mode 100644 .Rhistory
 create mode 100644 .Rproj.user/239E1097/console06/2BB73F74
 create mode 100644 .Rproj.user/239E1097/console06/2BB73F74.env
 create mode 100644 .Rproj.user/239E1097/console06/INDEX001
 create mode 100644 .Rproj.user/239E1097/pcs/files-pane.pper
 create mode 100644 .Rproj.user/239E1097/pcs/source-pane.pper
 create mode 100644 .Rproj.user/239E1097/pcs/windowlayoutstate.pper
 create mode 100644 .Rproj.user/239E1097/pcs/workbench-pane.pper
 create mode 100644 .Rproj.user/239E1097/persistent-state
 create mode 100644 .Rproj.user/239E1097/saved_source_markers
 create mode 100644 .Rproj.user/239E1097/sources/prop/6E70B7CD
 create mode 100644 .Rproj.user/239E1097/sources/prop/8D18329A
 create mode 100644 .Rproj.user/239E1097/sources/prop/8D40106A
 create mode 100644 .Rproj.user/239E1097/sources/prop/B48C7042
 create mode 100644 .Rproj.user/239E1097/sources/prop/E192B4AB
 create mode 100644 .Rproj.user/239E1097/sources/prop/INDEX
 create mode 100644 .Rproj.user/239E1097/sources/s-67879803/100F5FBB-contents
 create mode 100644 .Rproj.user/239E1097/sources/s-67879803/61CF7CA9-contents
 create mode 100644 .Rproj.user/239E1097/sources/s-67879803/6B28F2B8
 create mode 100644 .Rproj.user/239E1097/sources/s-67879803/6B28F2B8-contents
 create mode 100644 .Rproj.user/239E1097/sources/s-67879803/6C801B27-contents
 create mode 100644 .Rproj.user/239E1097/sources/s-67879803/8846811E-contents
 create mode 100644 .Rproj.user/239E1097/sources/s-67879803/D28B0EE1-contents
 create mode 100644 .Rproj.user/239E1097/sources/s-67879803/E23FCE91
 create mode 100644 .Rproj.user/239E1097/sources/s-67879803/E23FCE91-contents
 create mode 100644 .Rproj.user/239E1097/sources/s-67879803/E34C2C2-contents
 create mode 100644 .Rproj.user/239E1097/sources/s-67879803/lock_file
 create mode 100644 .Rproj.user/shared/notebooks/patch-chunk-names
 create mode 100644 .Rproj.user/shared/notebooks/paths
 create mode 100644 buckeye-dashboard/app.R
 create mode 100644 buckeye-dashboard/request-test.R
 create mode 100644 buckeye-dashboard/server.R
 create mode 100644 buckeye-dashboard/ui.R
 create mode 100644 project.Rproj
]0;/cloud/project]0;rstudio-user@18f424896ec0: /cloud/project[01;32mrstudio-user@18f424896ec0[00m:[01;34m/cloud/project[00m$ git remote add origin ^V[K[K https://github.com/conor-buckeye-power/dashboard0.git
]0;/cloud/project]0;rstudio-user@18f424896ec0: /cloud/project[01;32mrstudio-user@18f424896ec0[00m:[01;34m/cloud/project[00m$ git push -u origin master
error: cannot run rpostback-askpass: No such file or directory
Username for 'https://github.com': conor-buckeye-power
error: cannot run rpostback-askpass: No such file or directory
Password for 'https://conor-buckeye-power@github.com': 
Counting objects: 38, done.
Delta compression using up to 16 threads.
Compressing objects:   3% (1/33)   Compressing objects:   6% (2/33)   Compressing objects:   9% (3/33)   Compressing objects:  12% (4/33)   Compressing objects:  15% (5/33)   Compressing objects:  18% (6/33)   Compressing objects:  21% (7/33)   Compressing objects:  24% (8/33)   Compressing objects:  27% (9/33)   Compressing objects:  30% (10/33)   Compressing objects:  33% (11/33)   Compressing objects:  36% (12/33)   Compressing objects:  39% (13/33)   Compressing objects:  42% (14/33)   Compressing objects:  45% (15/33)   Compressing objects:  48% (16/33)   Compressing objects:  51% (17/33)   Compressing objects:  54% (18/33)   Compressing objects:  57% (19/33)   Compressing objects:  60% (20/33)   Compressing objects:  63% (21/33)   Compressing objects:  66% (22/33)   Compressing objects:  69% (23/33)   Compressing objects:  72% (24/33)   Compressing objects:  75% (25/33)   Compressing objects:  78% (26/33)   Compressing objects:  81% (27/33)   Compressing objects:  84% (28/33)   Compressing objects:  87% (29/33)   Compressing objects:  90% (30/33)   Compressing objects:  93% (31/33)   Compressing objects:  96% (32/33)   Compressing objects: 100% (33/33)   Compressing objects: 100% (33/33), done.
Writing objects:   2% (1/38)   Writing objects:   5% (2/38)   Writing objects:   7% (3/38)   Writing objects:  10% (4/38)   Writing objects:  13% (5/38)   Writing objects:  15% (6/38)   Writing objects:  18% (7/38)   Writing objects:  21% (8/38)   Writing objects:  23% (9/38)   Writing objects:  26% (10/38)   Writing objects:  28% (11/38)   Writing objects:  31% (12/38)   Writing objects:  34% (13/38)   Writing objects:  36% (14/38)   Writing objects:  39% (15/38)   Writing objects:  42% (16/38)   Writing objects:  44% (17/38)   Writing objects:  47% (18/38)   Writing objects:  50% (19/38)   Writing objects:  52% (20/38)   Writing objects:  55% (21/38)   Writing objects:  57% (22/38)   Writing objects:  60% (23/38)   Writing objects:  63% (24/38)   Writing objects:  65% (25/38)   Writing objects:  68% (26/38)   Writing objects:  71% (27/38)   Writing objects:  73% (28/38)   Writing objects:  76% (29/38)   Writing objects:  78% (30/38)   Writing objects:  81% (31/38)   Writing objects:  84% (32/38)   Writing objects:  86% (33/38)   Writing objects:  89% (34/38)   Writing objects:  92% (35/38)   Writing objects:  94% (36/38)   Writing objects:  97% (37/38)   Writing objects: 100% (38/38)   Writing objects: 100% (38/38), 7.58 KiB | 0 bytes/s, done.
Total 38 (delta 0), reused 0 (delta 0)
To https://github.com/conor-buckeye-power/dashboard0.git
 * [new branch]      master -> master
Branch master set up to track remote branch master from origin.
]0;/cloud/project]0;rstudio-user@18f424896ec0: /cloud/project[01;32mrstudio-user@18f424896ec0[00m:[01;34m/cloud/project[00m$ git add .
]0;/cloud/project]0;rstudio-user@18f424896ec0: /cloud/project[01;32mrstudio-user@18f424896ec0[00m:[01;34m/cloud/project[00m$ git commit -m "Updated request test file"
[master 34075a2] Updated request test file
 14 files changed, 123 insertions(+), 61 deletions(-)
 delete mode 100644 .Rproj.user/239E1097/sources/s-67879803/E23FCE91
 create mode 100644 .gitignore
]0;/cloud/project]0;rstudio-user@18f424896ec0: /cloud/project[01;32mrstudio-user@18f424896ec0[00m:[01;34m/cloud/project[00m$ git push -u origin master
error: cannot run rpostback-askpass: No such file or directory
Username for 'https://github.com': conor-buckeye-power
error: cannot run rpostback-askpass: No such file or directory
Password for 'https://conor-buckeye-power@github.com': 
Counting objects: 22, done.
Delta compression using up to 16 threads.
Compressing objects:   5% (1/19)   Compressing objects:  10% (2/19)   Compressing objects:  15% (3/19)   Compressing objects:  21% (4/19)   Compressing objects:  26% (5/19)   Compressing objects:  31% (6/19)   Compressing objects:  36% (7/19)   Compressing objects:  42% (8/19)   Compressing objects:  47% (9/19)   Compressing objects:  52% (10/19)   Compressing objects:  57% (11/19)   Compressing objects:  63% (12/19)   Compressing objects:  68% (13/19)   Compressing objects:  73% (14/19)   Compressing objects:  78% (15/19)   Compressing objects:  84% (16/19)   Compressing objects:  89% (17/19)   Compressing objects:  94% (18/19)   Compressing objects: 100% (19/19)   Compressing objects: 100% (19/19), done.
Writing objects:   4% (1/22)   Writing objects:   9% (2/22)   Writing objects:  13% (3/22)   Writing objects:  18% (4/22)   Writing objects:  22% (5/22)   Writing objects:  27% (6/22)   Writing objects:  31% (7/22)   Writing objects:  36% (8/22)   Writing objects:  40% (9/22)   Writing objects:  45% (10/22)   Writing objects:  50% (11/22)   Writing objects:  54% (12/22)   Writing objects:  59% (13/22)   Writing objects:  63% (14/22)   Writing objects:  68% (15/22)   Writing objects:  72% (16/22)   Writing objects:  77% (17/22)   Writing objects:  81% (18/22)   Writing objects:  86% (19/22)   Writing objects:  90% (20/22)   Writing objects:  95% (21/22)   Writing objects: 100% (22/22)   Writing objects: 100% (22/22), 4.77 KiB | 0 bytes/s, done.
Total 22 (delta 7), reused 0 (delta 0)
remote: Resolving deltas:   0% (0/7)   [Kremote: Resolving deltas:  14% (1/7)   [Kremote: Resolving deltas:  28% (2/7)   [Kremote: Resolving deltas:  42% (3/7)   [Kremote: Resolving deltas:  57% (4/7)   [Kremote: Resolving deltas:  71% (5/7)   [Kremote: Resolving deltas:  85% (6/7)   [Kremote: Resolving deltas: 100% (7/7)   [Kremote: Resolving deltas: 100% (7/7), completed with 7 local objects.[K
To https://github.com/conor-buckeye-power/dashboard0.git
   093dae7..34075a2  master -> master
Branch master set up to track remote branch master from origin.
git add .
]0;/cloud/project]0;rstudio-user@3cfa4d3a2f23: /cloud/project[01;32mrstudio-user@3cfa4d3a2f23[00m:[01;34m/cloud/project[00m$ git commit -m "Finalized initial dashboard"
[master e8ae2b7] Finalized initial dashboard
 14 files changed, 184 insertions(+), 44 deletions(-)
 rewrite .Rproj.user/239E1097/console06/INDEX001 (85%)
 delete mode 100644 .Rproj.user/239E1097/sources/s-67879803/6B28F2B8
]0;/cloud/project]0;rstudio-user@3cfa4d3a2f23: /cloud/project[01;32mrstudio-user@3cfa4d3a2f23[00m:[01;34m/cloud/project[00m$ git push -u origin master
error: cannot run rpostback-askpass: No such file or directory
Username for 'https://github.com': conor-buckeye-power
error: cannot run rpostback-askpass: No such file or directory
Password for 'https://conor-buckeye-power@github.com': 
To https://github.com/conor-buckeye-power/dashboard0.git
 ! [rejected]        master -> master (fetch first)
error: failed to push some refs to 'https://github.com/conor-buckeye-power/dashboard0.git'
hint: Updates were rejected because the remote contains work that you do
hint: not have locally. This is usually caused by another repository pushing
hint: to the same ref. You may want to first integrate the remote changes
hint: (e.g., 'git pull ...') before pushing again.
hint: See the 'Note about fast-forwards' in 'git push --help' for details.
git add .
]0;/cloud/project]0;rstudio-user@42e145d933a6: /cloud/project[01;32mrstudio-user@42e145d933a6[00m:[01;34m/cloud/project[00m$ git commit -m "A lot of updates"
[master 0215179] A lot of updates
 9 files changed, 136 insertions(+), 55 deletions(-)
 rewrite .Rproj.user/239E1097/console06/INDEX001 (85%)
]0;/cloud/project]0;rstudio-user@42e145d933a6: /cloud/project[01;32mrstudio-user@42e145d933a6[00m:[01;34m/cloud/project[00m$ git push -u origin master
error: cannot run rpostback-askpass: No such file or directory
Username for 'https://github.com': conor-buckeye-power
error: cannot run rpostback-askpass: No such file or directory
Password for 'https://conor-buckeye-power@github.com': 
To https://github.com/conor-buckeye-power/dashboard0.git
 ! [rejected]        master -> master (fetch first)
error: failed to push some refs to 'https://github.com/conor-buckeye-power/dashboard0.git'
hint: Updates were rejected because the remote contains work that you do
hint: not have locally. This is usually caused by another repository pushing
hint: to the same ref. You may want to first integrate the remote changes
hint: (e.g., 'git pull ...') before pushing again.
hint: See the 'Note about fast-forwards' in 'git push --help' for details.
git add .
]0;/cloud/project]0;rstudio-user@3619e9e50569: /cloud/project[01;32mrstudio-user@3619e9e50569[00m:[01;34m/cloud/project[00m$ git commit -m "Finalized module1"
[master b1bd4b4] Finalized module1
 16 files changed, 198 insertions(+), 85 deletions(-)
 rewrite .Rproj.user/239E1097/console06/INDEX001 (85%)
]0;/cloud/project]0;rstudio-user@3619e9e50569: /cloud/project[01;32mrstudio-user@3619e9e50569[00m:[01;34m/cloud/project[00m$ git push -u orign master
fatal: 'orign' does not appear to be a git repository
fatal: Could not read from remote repository.

Please make sure you have the correct access rights
and the repository exists.
]0;/cloud/project]0;rstudio-user@3619e9e50569: /cloud/project[01;32mrstudio-user@3619e9e50569[00m:[01;34m/cloud/project[00m$ git push -u origin master
error: cannot run rpostback-askpass: No such file or directory
Username for 'https://github.com': conor-buckeye-power
error: cannot run rpostback-askpass: No such file or directory
Password for 'https://conor-buckeye-power@github.com': 
To https://github.com/conor-buckeye-power/dashboard0.git
 ! [rejected]        master -> master (fetch first)
error: failed to push some refs to 'https://github.com/conor-buckeye-power/dashboard0.git'
hint: Updates were rejected because the remote contains work that you do
hint: not have locally. This is usually caused by another repository pushing
hint: to the same ref. You may want to first integrate the remote changes
hint: (e.g., 'git pull ...') before pushing again.
hint: See the 'Note about fast-forwards' in 'git push --help' for details.
]0;/cloud/project]0;rstudio-user@3619e9e50569: /cloud/project[01;32mrstudio-user@3619e9e50569[00m:[01;34m/cloud/project[00m$ git add .